--------------------[base-types.cooltt]--------------------
--------------------[circle.cooltt]--------------------
circle.cooltt:20.10-20.20 [Info]:
  Computed normal form of loopn 45 as
   i =>
   hcom circle 0 1 {i = 0 ∨ i = 1}
     {_x _x₁ =>
      [ _x = 0 =>
        hcom circle 0 1 {i = 0 ∨ i = 1}
          {_x₃ _x₄ =>
           [ _x₃ = 0 =>
             hcom circle 0 1 {i = 0 ∨ i = 1}
               {_x₆ _x₇ =>
                [ _x₆ = 0 =>
                  hcom circle 0 1 {i = 0 ∨ i = 1}
                    {_x₉ _x₁₀ =>
                     [ _x₉ = 0 =>
                       hcom circle 0 1 {i = 0 ∨ i = 1}
                         {_x₁₂ _x₁₃ =>
                          [ _x₁₂ = 0 =>
                            hcom circle 0 1 {i = 0 ∨ i = 1}
                              {_x₁₅ _x₁₆ =>
                               [ _x₁₅ = 0 =>
                                 hcom circle 0 1 {i = 0 ∨ i = 1}
                                   {_x₁₈ _x₁₉ =>
                                    [ _x₁₈ = 0 =>
                                      hcom circle 0 1 {i = 0 ∨ i = 1}
                                        {_x₂₁ _x₂₂ =>
                                         [ _x₂₁ = 0 =>
                                           hcom circle 0 1 {i = 0 ∨ i = 1}
                                             {_x₂₄ _x₂₅ =>
                                              [ _x₂₄ = 0 =>
                                                hcom circle 0 1 {i = 0 ∨ i = 1}
                                                  {_x₂₇ _x₂₈ =>
                                                   [ _x₂₇ = 0 =>
                                                     hcom circle 0 1 {i = 0 ∨ i = 1}
                                                       {_x₃₀ _x₃₁ =>
                                                        [ _x₃₀ = 0 =>
                                                          hcom circle 0 1 {i = 0 ∨ i = 1}
                                                            {_x₃₃ _x₃₄ =>
                                                             [ _x₃₃ = 0 =>
                                                               hcom circle 0 1 {i = 0 ∨ i = 1}
                                                                 {_x₃₆ _x₃₇ =>
                                                                  [ _x₃₆ = 0 =>
                                                                    hcom circle 0 1 {i = 0 ∨ i = 1}
                                                                    {_x₃₉ _x₄₀ =>
                                                                    [ 
                                                                    _x₃₉ = 0 =>
                                                                    hcom circle 0 1 {i = 0 ∨ i = 1}
                                                                    {_x₄₂ _x₄₃ =>
                                                                    [ 
                                                                    _x₄₂ = 0 =>
                                                                    hcom circle 0 1 {i = 0 ∨ i = 1}
                                                                    {_x₄₅ _x₄₆ =>
                                                                    [ 
                                                                    _x₄₅ = 0 =>
                                                                    hcom circle 0 1 {i = 0 ∨ i = 1}
                                                                    {_x₄₈ _x₄₉ =>
                                                                    [ 
                                                                    _x₄₈ = 0 =>
                                                                    hcom circle 0 1 {i = 0 ∨ i = 1}
                                                                    {_x₅₁ _x₅₂ =>
                                                                    [ 
                                                                    _x₅₁ = 0 =>
                                                                    hcom circle 0 1 {i = 0 ∨ i = 1}
                                                                    {_x₅₄ _x₅₅ =>
                                                                    [ 
                                                                    _x₅₄ = 0 =>
                                                                    hcom circle 0 1 {i = 0 ∨ i = 1}
                                                                    {_x₅₇ _x₅₈ =>
                                                                    [ 
                                                                    _x₅₇ = 0 =>
                                                                    hcom circle 0 1 {i = 0 ∨ i = 1}
                                                                    {_x₆₀ _x₆₁ =>
                                                                    [ 
                                                                    _x₆₀ = 0 =>
                                                                    hcom circle 0 1 {i = 0 ∨ i = 1}
                                                                    {_x₆₃ _x₆₄ =>
                                                                    [ 
                                                                    _x₆₃ = 0 =>
                                                                    hcom circle 0 1 {i = 0 ∨ i = 1}
                                                                    {_x₆₆ _x₆₇ =>
                                                                    [ 
                                                                    _x₆₆ = 0 =>
                                                                    hcom circle 0 1 {i = 0 ∨ i = 1}
                                                                    {_x₆₉ _x₇₀ =>
                                                                    [ 
                                                                    _x₆₉ = 0 =>
                                                                    hcom circle 0 1 {i = 0 ∨ i = 1}
                                                                    {_x₇₂ _x₇₃ =>
                                                                    [ 
                                                                    _x₇₂ = 0 =>
                                                                    hcom circle 0 1 {i = 0 ∨ i = 1}
                                                                    {_x₇₅ _x₇₆ =>
                                                                    [ 
                                                                    _x₇₅ = 0 =>
                                                                    hcom circle 0 1 {i = 0 ∨ i = 1}
                                                                    {_x₇₈ _x₇₉ =>
                                                                    [ 
                                                                    _x₇₈ = 0 =>
                                                                    hcom circle 0 1 {i = 0 ∨ i = 1}
                                                                    {_x₈₁ _x₈₂ =>
                                                                    [ 
                                                                    _x₈₁ = 0 =>
                                                                    hcom circle 0 1 {i = 0 ∨ i = 1}
                                                                    {_x₈₄ _x₈₅ =>
                                                                    [ 
                                                                    _x₈₄ = 0 =>
                                                                    hcom circle 0 1 {i = 0 ∨ i = 1}
                                                                    {_x₈₇ _x₈₈ =>
                                                                    [ 
                                                                    _x₈₇ = 0 =>
                                                                    hcom circle 0 1 {i = 0 ∨ i = 1}
                                                                    {_x₉₀ _x₉₁ =>
                                                                    [ 
                                                                    _x₉₀ = 0 =>
                                                                    hcom circle 0 1 {i = 0 ∨ i = 1}
                                                                    {_x₉₃ _x₉₄ =>
                                                                    [ 
                                                                    _x₉₃ = 0 =>
                                                                    hcom circle 0 1 {i = 0 ∨ i = 1}
                                                                    {_x₉₆ _x₉₇ =>
                                                                    [ 
                                                                    _x₉₆ = 0 =>
                                                                    hcom circle 0 1 {i = 0 ∨ i = 1}
                                                                    {_x₉₉ _x₁₀₀ =>
                                                                    [ 
                                                                    _x₉₉ = 0 =>
                                                                    hcom circle 0 1 {i = 0 ∨ i = 1}
                                                                    {_x₁₀₂ _x₁₀₃ =>
                                                                    [ 
                                                                    _x₁₀₂ = 0 =>
                                                                    hcom circle 0 1 {i = 0 ∨ i = 1}
                                                                    {_x₁₀₅ _x₁₀₆ =>
                                                                    [ 
                                                                    _x₁₀₅ = 0 =>
                                                                    hcom circle 0 1 {i = 0 ∨ i = 1}
                                                                    {_x₁₀₈ _x₁₀₉ =>
                                                                    [ 
                                                                    _x₁₀₈ = 0 =>
                                                                    hcom circle 0 1 {i = 0 ∨ i = 1}
                                                                    {_x₁₁₁ _x₁₁₂ =>
                                                                    [ 
                                                                    _x₁₁₁ = 0 =>
                                                                    hcom circle 0 1 {i = 0 ∨ i = 1}
                                                                    {_x₁₁₄ _x₁₁₅ =>
                                                                    [ 
                                                                    _x₁₁₄ = 0 =>
                                                                    hcom circle 0 1 {i = 0 ∨ i = 1}
                                                                    {_x₁₁₇ _x₁₁₈ =>
                                                                    [ 
                                                                    _x₁₁₇ = 0 =>
                                                                    hcom circle 0 1 {i = 0 ∨ i = 1}
                                                                    {_x₁₂₀ _x₁₂₁ =>
                                                                    [ 
                                                                    _x₁₂₀ = 0 =>
                                                                    hcom circle 0 1 {i = 0 ∨ i = 1}
                                                                    {_x₁₂₃ _x₁₂₄ =>
                                                                    [ 
                                                                    _x₁₂₃ = 0 =>
                                                                    hcom circle 0 1 {i = 0 ∨ i = 1}
                                                                    {_x₁₂₆ _x₁₂₇ =>
                                                                    [ 
                                                                    _x₁₂₆ = 0 =>
                                                                    hcom circle 0 1 {i = 0 ∨ i = 1}
                                                                    {_x₁₂₉ _x₁₃₀ =>
                                                                    [ 
                                                                    _x₁₂₉ = 0 =>
                                                                    hcom circle 0 1 {i = 0 ∨ i = 1}
                                                                    {_x₁₃₂ _x₁₃₃ =>
                                                                    [ 
                                                                    _x₁₃₂ = 0 =>
                                                                    base
                                                                    | 
                                                                    i = 0 =>
                                                                    base
                                                                    | 
                                                                    i = 1 =>
                                                                    loop _x₁₃₂
                                                                    ]}
                                                                    | 
                                                                    i = 0 =>
                                                                    base
                                                                    | 
                                                                    i = 1 =>
                                                                    loop _x₁₂₉
                                                                    ]}
                                                                    | 
                                                                    i = 0 =>
                                                                    base
                                                                    | 
                                                                    i = 1 =>
                                                                    loop _x₁₂₆
                                                                    ]}
                                                                    | 
                                                                    i = 0 =>
                                                                    base
                                                                    | 
                                                                    i = 1 =>
                                                                    loop _x₁₂₃
                                                                    ]}
                                                                    | 
                                                                    i = 0 =>
                                                                    base
                                                                    | 
                                                                    i = 1 =>
                                                                    loop _x₁₂₀
                                                                    ]}
                                                                    | 
                                                                    i = 0 =>
                                                                    base
                                                                    | 
                                                                    i = 1 =>
                                                                    loop _x₁₁₇
                                                                    ]}
                                                                    | 
                                                                    i = 0 =>
                                                                    base
                                                                    | 
                                                                    i = 1 =>
                                                                    loop _x₁₁₄
                                                                    ]}
                                                                    | 
                                                                    i = 0 =>
                                                                    base
                                                                    | 
                                                                    i = 1 =>
                                                                    loop _x₁₁₁
                                                                    ]}
                                                                    | 
                                                                    i = 0 =>
                                                                    base
                                                                    | 
                                                                    i = 1 =>
                                                                    loop _x₁₀₈
                                                                    ]}
                                                                    | 
                                                                    i = 0 =>
                                                                    base
                                                                    | 
                                                                    i = 1 =>
                                                                    loop _x₁₀₅
                                                                    ]}
                                                                    | 
                                                                    i = 0 =>
                                                                    base
                                                                    | 
                                                                    i = 1 =>
                                                                    loop _x₁₀₂
                                                                    ]}
                                                                    | 
                                                                    i = 0 =>
                                                                    base
                                                                    | 
                                                                    i = 1 =>
                                                                    loop _x₉₉
                                                                    ]}
                                                                    | 
                                                                    i = 0 =>
                                                                    base
                                                                    | 
                                                                    i = 1 =>
                                                                    loop _x₉₆
                                                                    ]}
                                                                    | 
                                                                    i = 0 =>
                                                                    base
                                                                    | 
                                                                    i = 1 =>
                                                                    loop _x₉₃
                                                                    ]}
                                                                    | 
                                                                    i = 0 =>
                                                                    base
                                                                    | 
                                                                    i = 1 =>
                                                                    loop _x₉₀
                                                                    ]}
                                                                    | 
                                                                    i = 0 =>
                                                                    base
                                                                    | 
                                                                    i = 1 =>
                                                                    loop _x₈₇
                                                                    ]}
                                                                    | 
                                                                    i = 0 =>
                                                                    base
                                                                    | 
                                                                    i = 1 =>
                                                                    loop _x₈₄
                                                                    ]}
                                                                    | 
                                                                    i = 0 =>
                                                                    base
                                                                    | 
                                                                    i = 1 =>
                                                                    loop _x₈₁
                                                                    ]}
                                                                    | 
                                                                    i = 0 =>
                                                                    base
                                                                    | 
                                                                    i = 1 =>
                                                                    loop _x₇₈
                                                                    ]}
                                                                    | 
                                                                    i = 0 =>
                                                                    base
                                                                    | 
                                                                    i = 1 =>
                                                                    loop _x₇₅
                                                                    ]}
                                                                    | 
                                                                    i = 0 =>
                                                                    base
                                                                    | 
                                                                    i = 1 =>
                                                                    loop _x₇₂
                                                                    ]}
                                                                    | 
                                                                    i = 0 =>
                                                                    base
                                                                    | 
                                                                    i = 1 =>
                                                                    loop _x₆₉
                                                                    ]}
                                                                    | 
                                                                    i = 0 =>
                                                                    base
                                                                    | 
                                                                    i = 1 =>
                                                                    loop _x₆₆
                                                                    ]}
                                                                    | 
                                                                    i = 0 =>
                                                                    base
                                                                    | 
                                                                    i = 1 =>
                                                                    loop _x₆₃
                                                                    ]}
                                                                    | 
                                                                    i = 0 =>
                                                                    base
                                                                    | 
                                                                    i = 1 =>
                                                                    loop _x₆₀
                                                                    ]}
                                                                    | 
                                                                    i = 0 =>
                                                                    base
                                                                    | 
                                                                    i = 1 =>
                                                                    loop _x₅₇
                                                                    ]}
                                                                    | 
                                                                    i = 0 =>
                                                                    base
                                                                    | 
                                                                    i = 1 =>
                                                                    loop _x₅₄
                                                                    ]}
                                                                    | 
                                                                    i = 0 =>
                                                                    base
                                                                    | 
                                                                    i = 1 =>
                                                                    loop _x₅₁
                                                                    ]}
                                                                    | 
                                                                    i = 0 =>
                                                                    base
                                                                    | 
                                                                    i = 1 =>
                                                                    loop _x₄₈
                                                                    ]}
                                                                    | 
                                                                    i = 0 =>
                                                                    base
                                                                    | 
                                                                    i = 1 =>
                                                                    loop _x₄₅
                                                                    ]}
                                                                    | 
                                                                    i = 0 =>
                                                                    base
                                                                    | 
                                                                    i = 1 =>
                                                                    loop _x₄₂
                                                                    ]}
                                                                    | 
                                                                    i = 0 =>
                                                                    base
                                                                    | 
                                                                    i = 1 =>
                                                                    loop _x₃₉
                                                                    ]}
                                                                  | i = 0 =>
                                                                    base
                                                                  | i = 1 =>
                                                                    loop _x₃₆
                                                                  ]}
                                                             | i = 0 => base
                                                             | i = 1 =>
                                                               loop _x₃₃
                                                             ]}
                                                        | i = 0 => base
                                                        | i = 1 => loop _x₃₀
                                                        ]}
                                                   | i = 0 => base
                                                   | i = 1 => loop _x₂₇
                                                   ]}
                                              | i = 0 => base
                                              | i = 1 => loop _x₂₄
                                              ]}
                                         | i = 0 => base
                                         | i = 1 => loop _x₂₁
                                         ]}
                                    | i = 0 => base
                                    | i = 1 => loop _x₁₈
                                    ]}
                               | i = 0 => base
                               | i = 1 => loop _x₁₅
                               ]}
                          | i = 0 => base
                          | i = 1 => loop _x₁₂
                          ]}
                     | i = 0 => base
                     | i = 1 => loop _x₉
                     ]}
                | i = 0 => base
                | i = 1 => loop _x₆
                ]}
           | i = 0 => base
           | i = 1 => loop _x₃
           ]}
      | i = 0 => base
      | i = 1 => loop _x
      ]}

--------------------[com.cooltt]--------------------
com.cooltt:21.10-21.19 [Info]:
  Computed normal form of mycom/fun as
   A B com/A com/B r φ p i x =>
   com/B r φ {j _x => p j * {com/A i #f {_x₁ _x₂ => x} j}} i

com.cooltt:34.10-34.16 [Info]:
  Computed normal form of coe/pi as
   A B r r' f _x =>
   coe {_x₁ => B _x₁ {coe {_x₂ => A _x₂} r' _x₁ _x}} r r'
     {f {coe {_x₁ => A _x₁} r' r _x}}

com.cooltt:44.10-44.19 [Info]:
  Computed normal form of coe/sigma as
   A B r r' p =>
   [ coe {_x => A _x} r r' {fst p}
   , coe {_x => B _x {coe {_x₁ => A _x₁} r _x {fst p}}} r r' {snd p}
   ]

com.cooltt:64.10-64.19 [Info]:
  Computed normal form of coe/pathd as
   A r r' a b m _x =>
   hcom {A r' _x} r r' {_x = 0 ∨ _x = 1}
     {_x₁ _x₂ =>
      coe {_x₃ => A _x₃ _x} _x₁ r'
        [ _x = 0 ∨ _x = 1 => [ _x = 0 => a _x₁ | _x = 1 => b _x₁ ]
        | _x₁ = r => m _x
        ]}

com.cooltt:80.10-80.18 [Info]:
  Computed normal form of hcom/fun as
   A B r r' φ p _x => hcom B r r' φ {_x₁ _x₂ => p _x₁ _x₂ _x}

com.cooltt:89.10-89.19 [Info]:
  Computed normal form of com/intro as
   A r r' φ p =>
   hcom {A r'} r r' φ {_x _x₁ => coe {_x₂ => A _x₂} _x r' {p _x _x₁}}

--------------------[elab.cooltt]--------------------
elab.cooltt:7.10-7.23 [Info]:
  Computed normal form of boundary-test as
   i _x => [ i = 1 => 5 | i = 0 => 19 ]

elab.cooltt:18.10-18.22 [Info]:
  Computed normal form of pi-code-test as (x : nat) → nat

elab.cooltt:28.10-28.20 [Info]:
  Computed normal form of simple-let as A a => a

elab.cooltt:33.6-33.13 [Info]:
  Emitted hole:
    x : nat
    y : nat
    z : nat
    |- ?tyhole : type


elab.cooltt:35.9-35.16 [Info]:
  Emitted hole:
    y : nat
    z : nat
    |- ?tmhole : (z₁ : nat) → ?tyhole y z z₁


elab.cooltt:42.6-42.12 [Info]:
  Emitted hole:
    x : nat
    |- ?hole1 : path nat x x


--------------------[evan.cooltt]--------------------
--------------------[groupoid-laws.cooltt]--------------------
--------------------[hcom-type.cooltt]--------------------
hcom-type.cooltt:17.8-17.13 [Info]:
  Emitted hole:
    i : 𝕀
    _x : [ i = 0 ∨ i = 1 ]
    |- ?asdf : nat


hcom-type.cooltt:17.16-17.17 [Info]:
  Emitted hole:
    i : 𝕀
    |- ? : (_x : [ i = 0 ]) → nat
    
    Boundary:
    i = 0 ∨ i = 1
    |- _x => ?asdf 0 *


hcom-type.cooltt:17.18-17.19 [Info]:
  Emitted hole:
    i : 𝕀
    |- ? : nat
    
    Boundary:
    i = 0 ∨ i = 0 ∨ i = 1
    |- i = 0 => ?asdf 0 *
       i = 1 => ?asdf 1 *


--------------------[hlevel.cooltt]--------------------
hlevel.cooltt:33.6-33.11 [Info]:
  hProp
  : type
  = hLevel 1

hlevel.cooltt:34.10-34.15 [Info]:
  Computed normal form of hProp as
   (A : type) × (c : A) → (c' : A) → ext {i => A} {i => i = 0 ∨ i = 1} {
                                     i _x => [ i = 0 => c | i = 1 => c' ]}

--------------------[holes.cooltt]--------------------
holes.cooltt:5.7-5.13 [Info]:
  Emitted hole:
    A : type
    p : (_x : 𝕀) → A
    q : (i : 𝕀) → sub A {i = 0} {p 1}
    i : 𝕀
    |- ? : A
    
    Boundary:
    i = 0 ∨ i = 1
    |- i = 0 => p 0
       i = 1 => q 1


holes.cooltt:8.25-8.26 [Info]:
  Emitted hole:
    A : type
    p : (_x : 𝕀) → A
    q : (i : 𝕀) → sub A {i = 0} {p 1}
    i : 𝕀
    |- ? : (_x : 𝕀) → A


holes.cooltt:8.27-8.28 [Info]:
  Emitted hole:
    A : type
    p : (_x : 𝕀) → A
    q : (i : 𝕀) → sub A {i = 0} {p 1}
    i : 𝕀
    |- ? : (i₁ : 𝕀) → sub A {i₁ = 0} {#2 A p q i 1}


holes.cooltt:8.7-8.35 [Warn]:
  Boundary Mismatch:
    ? : trans/filler A {#2 A p q i} {#3 A p q i} 1 i

holes.cooltt:8.7-8.35 [Info]:
  Emitted hole:
    A : type
    p : (_x : 𝕀) → A
    q : (i : 𝕀) → sub A {i = 0} {p 1}
    i : 𝕀
    |- ? : A
    
    Boundary:
    i = 0 ∨ i = 1
    |- i = 0 => p 0
       i = 1 => q 1


holes.cooltt:11.7-11.35 [Warn]:
  Boundary Mismatch:
    ? : trans/filler A {_x => p _x} {_x => q _x} 0 i

holes.cooltt:11.7-11.35 [Info]:
  Emitted hole:
    A : type
    p : (_x : 𝕀) → A
    q : (i : 𝕀) → sub A {i = 0} {p 1}
    i : 𝕀
    |- ? : A
    
    Boundary:
    i = 0 ∨ i = 1
    |- i = 0 => p 0
       i = 1 => q 1


holes.cooltt:14.7-14.35 [Info]:
  Emitted hole:
    A : type
    p : (_x : 𝕀) → A
    q : (i : 𝕀) → sub A {i = 0} {p 1}
    i : 𝕀
    |- ? : A
    
    Boundary:
    i = 0 ∨ i = 1
    |- i = 0 => p 0
       i = 1 => q 1


holes.cooltt:17.26-17.30 [Info]:
  Emitted hole:
    A : type
    p : (_x : 𝕀) → A
    q : (i : 𝕀) → sub A {i = 0} {p 1}
    i : 𝕀
    |- ? : (_x : 𝕀) → (_x₁ : [ _x = 0 ∨ i = 0 ∨ i = 1 ]) → A


holes.cooltt:17.7-17.30 [Error]:
  Expected #10 A p q i 1 * = [ i = 0 => p 0 | i = 1 => q 1 ] : A

--------------------[import.cooltt]--------------------
Emitted namespace under p2:
  ?cool = { cong => cong; funext => funext; path-p => path-p; q.t => tt
          ; refl => refl; symm => symm; symm/filler => symm/filler
          ; trans => trans; trans/filler => trans/filler; u => unit
          ; unit/eta => unit/eta }

Emitted namespace under (root):
  ?all = { p1.cong => cong; p1.funext => funext; p1.path => path
         ; p1.path-p => path-p; p1.refl => refl; p1.symm => symm
         ; p1.symm/filler => symm/filler; p1.trans => trans
         ; p1.trans/filler => trans/filler; p1.tt => tt
         ; p1.unit/eta => unit/eta; p2.cong => cong; p2.funext => funext
         ; p2.path-p => path-p; p2.q.t => tt; p2.refl => refl
         ; p2.symm => symm; p2.symm/filler => symm/filler; p2.trans => trans
         ; p2.trans/filler => trans/filler; p2.u => unit
         ; p2.unit/eta => unit/eta }

Emitted namespace under (root):
  ? = { cong => cong; funext => funext; path => path; path-p => path-p
      ; refl => refl; symm => symm; symm/filler => symm/filler
      ; trans => trans; trans/filler => trans/filler; tt => tt; unit => unit
      ; unit/eta => unit/eta }

import.cooltt:24.6-24.13 [Info]:
  cool-tt
  : unit
  = 0

--------------------[isos.cooltt]--------------------
--------------------[names.cooltt]--------------------
names.cooltt:5.6-5.11 [Info]:
  x.y.z
  : (u.v : nat) → nat
  = u.v => u.v

--------------------[nat-path.cooltt]--------------------
nat.cooltt:9.10-9.15 [Info]:
  Computed normal form of + 2 3 as 5

nat-path.cooltt:15.10-15.11 [Info]:
  Computed normal form of J as
   A p C d =>
   coe {i =>
        C {_x =>
           hcom A 0 _x {i = 0 ∨ i = 1}
             {k _x₁ => [ k = 0 ∨ i = 0 => p 0 | i = 1 => p k ]}}} 0 1
     d

nat-path.cooltt:56.10-56.17 [Info]:
  Computed normal form of +-assoc as
   _x =>
   elim _x @ {_x₁ =>
              (y : nat) → (z : nat) → ext {i => nat} {i => i = 0 ∨ i = 1} {
                                      i _x₂ =>
                                      [ i = 0 =>
                                        elim {elim _x₁ @ {_x₄ =>
                                                          (_x₅ : nat) → nat}
                                                [ zero => n => n
                                                | suc => _x₄ ih n =>
                                                         suc {ih n}
                                                ] y} @ {_x₄ =>
                                                        (_x₅ : nat) → nat}
                                          [ zero => n => n
                                          | suc => _x₄ ih n => suc {ih n}
                                          ] z
                                      | i = 1 =>
                                        elim _x₁ @ {_x₄ => (_x₅ : nat) → nat}
                                          [ zero => n => n
                                          | suc => _x₄ ih n => suc {ih n}
                                          ] {elim y @ {_x₄ =>
                                                       (_x₅ : nat) → nat}
                                               [ zero => n => n
                                               | suc => _x₄ ih n =>
                                                        suc {ih n}
                                               ] z}
                                      ]}}
     [ zero => y z i =>
               elim y @ {_x₁ => (_x₂ : nat) → nat}
                 [ zero => n => n
                 | suc => _x₁ ih n => suc {ih n}
                 ] z
     | suc => x ih y z i => suc {ih y z i}
     ]

nat-path.cooltt:58.10-58.25 [Info]:
  Computed normal form of trans-left-unit as
   A p k i =>
   hcom A 0 1 {k = 0 ∨ i = 0 ∨ i = 1}
     {j _x =>
      [ j = 0 ∨ i = 0 => p 0
      | i = 1 => p j
      | k = 0 =>
        hcom A 0 1 {i = 0 ∨ i = 1 ∨ j = 0 ∨ j = 1}
          {l _x₂ =>
           [ l = 0 ∨ i = 0 ∨ j = 1 =>
             hcom A 0 i {l = 0 ∨ l = 1}
               {j₁ _x₄ => [ j₁ = 0 ∨ l = 0 => p 0 | l = 1 => p j₁ ]}
           | i = 1 ∨ j = 0 =>
             hcom A 0 j {l = 0 ∨ l = 1}
               {j₁ _x₄ => [ j₁ = 0 ∨ l = 0 => p 0 | l = 1 => p j₁ ]}
           ]}
      ]}

nat-path.cooltt:59.10-59.26 [Info]:
  Computed normal form of trans-right-unit as
   A p _x _x₁ =>
   hcom A 0 _x {_x₁ = 0 ∨ _x₁ = 1}
     {j _x₂ => [ j = 0 ∨ _x₁ = 0 => p _x₁ | _x₁ = 1 => p 1 ]}

nat-path.cooltt:60.10-60.25 [Info]:
  Computed normal form of trans-symm-refl as
   A p k i =>
   hcom A 0 1 {k = 0 ∨ i = 0 ∨ i = 1}
     {j _x =>
      hcom A 0 i {j = 0 ∨ j = 1}
        {j₁ _x₁ => [ j₁ = 0 ∨ j = 1 => p 0 | j = 0 => p j₁ ]}}

nat-path.cooltt:82.10-82.14 [Info]:
  Computed normal form of test as
   p i =>
   hcom nat 0 1 {i = 0 ∨ i = 1}
     {_x _x₁ =>
      [ _x = 0 ∨ i = 1 =>
        elim {p 0} @ {_x₃ => nat} [ zero => 0
                                  | suc => _x₃ _x₄ => 0
                                  ]
      | i = 0 =>
        elim {p _x} @ {_x₃ => nat} [ zero => 0
                                   | suc => _x₃ _x₄ => 0
                                   ]
      ]}

nat-path.cooltt:84.10-84.15 [Info]:
  Computed normal form of test2 as
   i =>
   hcom nat 0 1 {i = 0 ∨ i = 1}
     {_x _x₁ => [ _x = 0 ∨ i = 1 => 0 | i = 0 => 0 ]}

--------------------[nat.cooltt]--------------------
nat.cooltt:9.10-9.15 [Info]:
  Computed normal form of + 2 3 as 5

--------------------[path-types.cooltt]--------------------
path-types.cooltt:8.10-8.19 [Info]:
  Computed normal form of formation as
   A a b =>
   ext {i => A i} {i => i = 0 ∨ i = 1} {i _x => [ i = 0 => a | i = 1 => b ]}

path-types.cooltt:21.10-21.16 [Info]:
  Computed normal form of myrefl as A a i => a

path-types.cooltt:32.10-32.16 [Info]:
  Computed normal form of funext as A B f g h i x => h x i

path-types.cooltt:55.10-55.17 [Info]:
  Computed normal form of pairext as A B p q h i => [ fst h i , snd h i ]

--------------------[prelude.cooltt]--------------------
--------------------[record.cooltt]--------------------
record.cooltt:11.6-11.11 [Info]:
  basic
  : type
  = sig (foo.x : nat) (bar : (_x : nat) → nat) 

record.cooltt:12.6-12.19 [Info]:
  basic.inhabit
  : basic
  = struct (foo.x : 1) (bar : {x => x}) 

record.cooltt:13.10-13.23 [Info]:
  Computed normal form of basic.inhabit as
   struct (foo.x : 1) (bar : {x => x}) 

record.cooltt:30.6-30.12 [Info]:
  depend
  : type
  = sig (tp : type) (fun : (_x : tp) → tp) 

--------------------[selfification.cooltt]--------------------
selfification.cooltt:8.10-8.17 [Info]:
  Computed normal form of testing as
   _x _x₁ _x₂ p _x₃ => [ fst {p _x₃} , snd {p _x₃} ]

--------------------[v.cooltt]--------------------
v.cooltt:13.10-13.16 [Info]:
  Computed normal form of v-test as
   r A =>
   V r {_x => A} A {_x =>
                    [ x => x
                    , x =>
                      [ [ x , _x₁ => x ]
                      , p i =>
                        [ hcom A 1 0 {i = 0 ∨ i = 1}
                            {k _x₁ =>
                             [ k = 1 => x | i = 1 => snd p k | i = 0 => x ]}
                        , _x₁ =>
                          hcom A 1 _x₁ {i = 0 ∨ i = 1}
                            {k _x₂ =>
                             [ k = 1 => x | i = 1 => snd p k | i = 0 => x ]}
                        ]
                      ]
                    ]}

v.cooltt:21.10-21.14 [Info]:
  Computed normal form of cool as A a => coe {_x => A} 0 1 a

v.cooltt:22.10-22.15 [Info]:
  Computed normal form of cool2 as
   A a i =>
   hcom A 0 1 {i = 0}
     {_x _x₁ =>
      [ _x = 0 => coe {_x₃ => A} i 0 a
      | i = 0 =>
        hcom A 1 0 {_x = 0 ∨ _x = 1}
          {k _x₃ => [ k = 1 => a | _x = 1 => a | _x = 0 => a ]}
      ]}

v.cooltt:28.10-28.15 [Info]:
  Computed normal form of cool3 as A a i => a

